// Jest Snapshot v1, https://goo.gl/fbAQLP

exports[`SwapRouter gas tests #exactInput 0 -> 1 -> 2 1`] = `226414`;

exports[`SwapRouter gas tests #exactInput 0 -> 1 1`] = `142696`;

exports[`SwapRouter gas tests #exactInput 0 -> 1 minimal 1`] = `130514`;

exports[`SwapRouter gas tests #exactInput 0 -> WETH9 1`] = `162933`;

exports[`SwapRouter gas tests #exactInput 2 trades (via router) 1`] = `243466`;

exports[`SwapRouter gas tests #exactInput 3 trades (directly to sender) 1`] = `332207`;

exports[`SwapRouter gas tests #exactInput WETH9 -> 0 1`] = `140757`;

exports[`SwapRouter gas tests #exactInputSingle 0 -> 1 1`] = `142146`;

exports[`SwapRouter gas tests #exactInputSingle 0 -> WETH9 1`] = `162377`;

exports[`SwapRouter gas tests #exactInputSingle WETH9 -> 0 1`] = `140207`;

exports[`SwapRouter gas tests #exactOutput 0 -> 1 -> 2 1`] = `223032`;

exports[`SwapRouter gas tests #exactOutput 0 -> 1 1`] = `146710`;

exports[`SwapRouter gas tests #exactOutput 0 -> WETH9 1`] = `164161`;

exports[`SwapRouter gas tests #exactOutput WETH9 -> 0 1`] = `154803`;

exports[`SwapRouter gas tests #exactOutputSingle 0 -> 1 1`] = `146944`;

exports[`SwapRouter gas tests #exactOutputSingle 0 -> WETH9 1`] = `164395`;

exports[`SwapRouter gas tests #exactOutputSingle WETH9 -> 0 1`] = `149575`;

exports[`SwapRouter gas tests 3 trades (directly to sender) 1`] = `233570`;
