// Jest Snapshot v1, https://goo.gl/fbAQLP

exports[`CLPool gas tests fee is off #burn above current price burn entire position after some time passes 1`] = `108852`;

exports[`CLPool gas tests fee is off #burn above current price burn when only position using ticks 1`] = `108852`;

exports[`CLPool gas tests fee is off #burn above current price entire position burn but other positions are using the ticks 1`] = `100428`;

exports[`CLPool gas tests fee is off #burn above current price partial position burn 1`] = `105228`;

exports[`CLPool gas tests fee is off #burn around current price burn entire position after some time passes 1`] = `126147`;

exports[`CLPool gas tests fee is off #burn around current price burn when only position using ticks 1`] = `121020`;

exports[`CLPool gas tests fee is off #burn around current price entire position burn but other positions are using the ticks 1`] = `105239`;

exports[`CLPool gas tests fee is off #burn around current price partial position burn 1`] = `110039`;

exports[`CLPool gas tests fee is off #burn below current price burn entire position after some time passes 1`] = `118310`;

exports[`CLPool gas tests fee is off #burn below current price burn when only position using ticks 1`] = `118310`;

exports[`CLPool gas tests fee is off #burn below current price entire position burn but other positions are using the ticks 1`] = `101051`;

exports[`CLPool gas tests fee is off #burn below current price partial position burn 1`] = `105851`;

exports[`CLPool gas tests fee is off #collect close to worst case 1`] = `50969`;

exports[`CLPool gas tests fee is off #increaseObservationCardinalityNext grow by 1 slot 1`] = `53713`;

exports[`CLPool gas tests fee is off #increaseObservationCardinalityNext no op 1`] = `27292`;

exports[`CLPool gas tests fee is off #mint above current price add to position after some time passes 1`] = `119413`;

exports[`CLPool gas tests fee is off #mint above current price add to position existing 1`] = `119413`;

exports[`CLPool gas tests fee is off #mint above current price new position mint first in range 1`] = `240379`;

exports[`CLPool gas tests fee is off #mint above current price second position in same range 1`] = `136513`;

exports[`CLPool gas tests fee is off #mint around current price add to position after some time passes 1`] = `160451`;

exports[`CLPool gas tests fee is off #mint around current price add to position existing 1`] = `151241`;

exports[`CLPool gas tests fee is off #mint around current price new position mint first in range 1`] = `346115`;

exports[`CLPool gas tests fee is off #mint around current price second position in same range 1`] = `168341`;

exports[`CLPool gas tests fee is off #mint below current price add to position after some time passes 1`] = `120075`;

exports[`CLPool gas tests fee is off #mint below current price add to position existing 1`] = `120075`;

exports[`CLPool gas tests fee is off #mint below current price new position mint first in range 1`] = `326637`;

exports[`CLPool gas tests fee is off #mint below current price second position in same range 1`] = `137175`;

exports[`CLPool gas tests fee is off #poke best case 1`] = `58962`;

exports[`CLPool gas tests fee is off #snapshotCumulativesInside tick above 1`] = `32485`;

exports[`CLPool gas tests fee is off #snapshotCumulativesInside tick below 1`] = `32447`;

exports[`CLPool gas tests fee is off #snapshotCumulativesInside tick inside 1`] = `39965`;

exports[`CLPool gas tests fee is off #swapExact0For1 first swap in block moves tick, no initialized crossings 1`] = `149610`;

exports[`CLPool gas tests fee is off #swapExact0For1 first swap in block with no tick movement 1`] = `129884`;

exports[`CLPool gas tests fee is off #swapExact0For1 first swap in block, large swap crossing a single initialized tick 1`] = `191174`;

exports[`CLPool gas tests fee is off #swapExact0For1 first swap in block, large swap crossing several initialized ticks 1`] = `271048`;

exports[`CLPool gas tests fee is off #swapExact0For1 first swap in block, large swap, no initialized crossings 1`] = `171908`;

exports[`CLPool gas tests fee is off #swapExact0For1 large swap crossing several initialized ticks after some time passes 1`] = `271048`;

exports[`CLPool gas tests fee is off #swapExact0For1 large swap crossing several initialized ticks second time after some time passes 1`] = `290248`;

exports[`CLPool gas tests fee is off #swapExact0For1 second swap in block moves tick, no initialized crossings 1`] = `149610`;

exports[`CLPool gas tests fee is off #swapExact0For1 second swap in block with no tick movement 1`] = `129995`;

exports[`CLPool gas tests fee is off #swapExact0For1 second swap in block, large swap crossing a single initialized tick 1`] = `173884`;

exports[`CLPool gas tests fee is off #swapExact0For1 second swap in block, large swap crossing several initialized ticks 1`] = `253736`;
